All manifests should match snapshot:
  1: |
    apiVersion: apps/v1
    kind: Deployment
    metadata:
      labels:
        app.kubernetes.io/instance: simple
        app.kubernetes.io/managed-by: Helm
        app.kubernetes.io/name: simple-app
        app.kubernetes.io/version: 1.16.0
        helm.sh/chart: simple-app-0.0.0
      name: simple
    spec:
      replicas: 1
      selector:
        matchLabels:
          app.kubernetes.io/instance: simple
          app.kubernetes.io/name: simple-app
      strategy:
        type: RollingUpdate
      template:
        metadata:
          labels:
            app.kubernetes.io/instance: simple
            app.kubernetes.io/name: simple-app
        spec:
          containers:
            - image: test:1.1.1
              imagePullPolicy: IfNotPresent
              livenessProbe:
                httpGet:
                  path: /
                  port: http
              name: simple-app
              ports:
                - containerPort: 9000
                  name: http
                  protocol: TCP
                - containerPort: 1
                  name: port1
                  protocol: TCP
                - containerPort: 2
                  name: port2
                  protocol: TCP
              readinessProbe:
                httpGet:
                  path: /
                  port: http
              resources: {}
              securityContext: {}
              volumeMounts: null
          securityContext: {}
          serviceAccountName: default
          volumes: null
  2: |
    apiVersion: networking.k8s.io/v1
    kind: Ingress
    metadata:
      annotations: null
      labels:
        app.kubernetes.io/instance: simple
        app.kubernetes.io/managed-by: Helm
        app.kubernetes.io/name: simple-app
        app.kubernetes.io/version: 1.16.0
        helm.sh/chart: simple-app-0.0.0
      name: simple
    spec:
      rules:
        - host: test.epoch8.co
          http:
            paths:
              - backend:
                  service:
                    name: simple
                    port:
                      number: 9000
                path: /*
                pathType: ImplementationSpecific
  3: |
    apiVersion: v1
    kind: Service
    metadata:
      labels:
        app.kubernetes.io/instance: simple
        app.kubernetes.io/managed-by: Helm
        app.kubernetes.io/name: simple-app
        app.kubernetes.io/version: 1.16.0
        helm.sh/chart: simple-app-0.0.0
      name: simple
    spec:
      ports:
        - name: http
          port: 9000
          protocol: TCP
          targetPort: http
        - name: port1
          port: 1
          protocol: TCP
          targetPort: port1
        - name: port2
          port: 22022
          protocol: TCP
          targetPort: port2
      selector:
        app.kubernetes.io/instance: simple
        app.kubernetes.io/name: simple-app
      type: ClusterIP
  4: |
    apiVersion: v1
    kind: ServiceAccount
    metadata:
      labels:
        app.kubernetes.io/instance: simple
        app.kubernetes.io/managed-by: Helm
        app.kubernetes.io/name: simple-app
        app.kubernetes.io/version: 1.16.0
        helm.sh/chart: simple-app-0.0.0
      name: default
